// Jest Snapshot v1, https://goo.gl/fbAQLP

exports[`<Box /> should render correctly in "debug" mode 1`] = `
.c0 {
  display: block;
  box-sizing: border-box;
  color: red;
}

<div
  className="c0"
/>
`;
