// Jest Snapshot v1, https://goo.gl/fbAQLP

exports[`<Normalize /> should render correctly 1`] = `""`;
